]0;/home/jovyan/Sta302/University-Admisssions-Regressionjovyan@jupyter-ac5fcdab-2dd3bf-2d41ca-2db6c9-2da6bb964be8ad:~/Sta302/University-Admisssions-Regression$ [K[Ajovyan@jupyter-ac5fcdab-2dd3bf-2d41ca-2db6c9-2da6bb964be8ad:~/Sta302/University-Admisssions-Regression$ git status 
On branch main
Your branch is up to date with 'origin/main'.

Changes not staged for commit:
  (use "git add/rm <file>..." to update what will be committed)
  (use "git restore <file>..." to discard changes in working directory)
  (commit or discard the untracked or modified content in submodules)
	[31mmodified:   ../../.rstudio/monitored/lists/file_mru[m
	[31mdeleted:    ../../.rstudio/notebooks/828AAE0F-University-Admissions-Regression/1/1851D95F5707515a/chunks.json[m
	[31mmodified:   ../../.rstudio/notebooks/paths[m
	[31mmodified:   ../../.rstudio/projects/none/console07/35F12B5B[m
	[31mmodified:   ../../.rstudio/projects/none/console07/INDEX001[m
	[31mmodified:   ../../.rstudio/sources/prop/2B51FB6B[m
	[31mmodified:   ../../.rstudio/sources/prop/INDEX[m
	[31mmodified:   ../../.rstudio/sources/s-5707515a/4D64482D[m
	[31mdeleted:    ../../.rstudio/sources/s-5707515a/7341AC1B[m
	[31mmodified:   ../../STA304-F21-Assignment3-code.git[m (modified content, untracked content)
	[31mmodified:   ../../Sta238/STA238-Assignment1.git[m (modified content, untracked content)
	[31mmodified:   ../../Sta238/STA238-Assignment2.git[m (modified content, untracked content)
	[31mmodified:   ../../Sta238/STA238-Assignment3.git[m (modified content)
	[31mmodified:   ../../Sta238/STA238-FinalProject.git[m (modified content, untracked content)
	[31mmodified:   ../../Sta238/STA238-Week1.git[m (modified content, untracked content)
	[31mmodified:   ../../Sta238/STA238-Week3.git[m (modified content)
	[31mmodified:   ../../Sta238/STA238-Week4.git[m (modified content)
	[31mdeleted:    ../University-Admissions-Regression.Rmd[m
	[31mmodified:   ../../Sta304/STA304-F21-Assignment1.git[m (modified content, untracked content)
	[31mmodified:   ../../Sta304/STA304-F21-Assignment2.git[m (modified content, untracked content)
	[31mmodified:   ../../Sta304/STA304-F21-Week1Class.git[m (untracked content)

Untracked files:
  (use "git add <file>..." to include in what will be committed)
	[31m../../.rstudio/notebooks/D818B622-University-Admissions-Regression/[m
	[31m../../.rstudio/projects/none/console07/A5780898[m
	[31m../../.rstudio/sources/prop/58C86993[m
	[31m../../.rstudio/sources/s-5707515a/24DFC0EF[m
	[31m../../.rstudio/sources/s-5707515a/24DFC0EF-contents[m
	[31m./[m

no changes added to commit (use "git add" and/or "git commit -a")
]0;/home/jovyan/Sta302/University-Admisssions-Regressionjovyan@jupyter-ac5fcdab-2dd3bf-2d41ca-2db6c9-2da6bb964be8ad:~/Sta302/University-Admisssions-Regression$ git commit -am "Added University"
[main 1715afb] Added University
 10 files changed, 218 insertions(+), 49 deletions(-)
 delete mode 100644 .rstudio/notebooks/828AAE0F-University-Admissions-Regression/1/1851D95F5707515a/chunks.json
 delete mode 100644 .rstudio/sources/s-5707515a/7341AC1B
 delete mode 100644 Sta302/University-Admissions-Regression.Rmd
]0;/home/jovyan/Sta302/University-Admisssions-Regressionjovyan@jupyter-ac5fcdab-2dd3bf-2d41ca-2db6c9-2da6bb964be8ad:~/Sta302/University-Admisssions-Regression$ git status
On branch main
Your branch is ahead of 'origin/main' by 1 commit.
  (use "git push" to publish your local commits)

Changes not staged for commit:
  (use "git add <file>..." to update what will be committed)
  (use "git restore <file>..." to discard changes in working directory)
  (commit or discard the untracked or modified content in submodules)
	[31mmodified:   ../../STA304-F21-Assignment3-code.git[m (modified content, untracked content)
	[31mmodified:   ../../Sta238/STA238-Assignment1.git[m (modified content, untracked content)
	[31mmodified:   ../../Sta238/STA238-Assignment2.git[m (modified content, untracked content)
	[31mmodified:   ../../Sta238/STA238-Assignment3.git[m (modified content)
	[31mmodified:   ../../Sta238/STA238-FinalProject.git[m (modified content, untracked content)
	[31mmodified:   ../../Sta238/STA238-Week1.git[m (modified content, untracked content)
	[31mmodified:   ../../Sta238/STA238-Week3.git[m (modified content)
	[31mmodified:   ../../Sta238/STA238-Week4.git[m (modified content)
	[31mmodified:   ../../Sta304/STA304-F21-Assignment1.git[m (modified content, untracked content)
	[31mmodified:   ../../Sta304/STA304-F21-Assignment2.git[m (modified content, untracked content)
	[31mmodified:   ../../Sta304/STA304-F21-Week1Class.git[m (untracked content)

Untracked files:
  (use "git add <file>..." to include in what will be committed)
	[31m../../.rstudio/notebooks/D818B622-University-Admissions-Regression/[m
	[31m../../.rstudio/projects/none/console07/A5780898[m
	[31m../../.rstudio/projects/none/console07/A5780898.env[m
	[31m../../.rstudio/sources/prop/58C86993[m
	[31m../../.rstudio/sources/s-5707515a/24DFC0EF[m
	[31m../../.rstudio/sources/s-5707515a/24DFC0EF-contents[m
	[31m./[m

no changes added to commit (use "git add" and/or "git commit -a")
]0;/home/jovyan/Sta302/University-Admisssions-Regressionjovyan@jupyter-ac5fcdab-2dd3bf-2d41ca-2db6c9-2da6bb964be8ad:~/Sta302/University-Admisssions-Regression$ git add -A
]0;/home/jovyan/Sta302/University-Admisssions-Regressionjovyan@jupyter-ac5fcdab-2dd3bf-2d41ca-2db6c9-2da6bb964be8ad:~/Sta302/University-Admisssions-Regression$ git commit -m "Update Universty"
[main 979a6d6] Update Universty
 9 files changed, 1726 insertions(+)
 create mode 100644 .rstudio/notebooks/D818B622-University-Admissions-Regression/1/1851D95F5707515a/chunks.json
 create mode 100644 .rstudio/notebooks/D818B622-University-Admissions-Regression/1/s/chunks.json
 create mode 100644 .rstudio/projects/none/console07/A5780898
 create mode 100644 .rstudio/projects/none/console07/A5780898.env
 create mode 100644 .rstudio/sources/prop/58C86993
 create mode 100644 .rstudio/sources/s-5707515a/24DFC0EF
 create mode 100644 .rstudio/sources/s-5707515a/24DFC0EF-contents
 create mode 100644 Sta302/University-Admisssions-Regression/University-Admissions-Regression.Rmd
 create mode 100644 Sta302/University-Admisssions-Regression/Video_project_dataset.csv
]0;/home/jovyan/Sta302/University-Admisssions-Regressionjovyan@jupyter-ac5fcdab-2dd3bf-2d41ca-2db6c9-2da6bb964be8ad:~/Sta302/University-Admisssions-Regression$ git push
remote: Support for password authentication was removed on August 13, 2021. Please use a personal access token instead.
remote: Please see https://github.blog/2020-12-15-token-authentication-requirements-for-git-operations/ for more information.
fatal: Authentication failed for 'https://github.com/ChristopherChifor/linear-regression.git/'
]0;/home/jovyan/Sta302/University-Admisssions-Regressionjovyan@jupyter-ac5fcdab-2dd3bf-2d41ca-2db6c9-2da6bb964be8ad:~/Sta302/University-Admisssions-Regression$ git push[Kh
Enumerating objects: 65, done.
Counting objects:   1% (1/65)Counting objects:   3% (2/65)Counting objects:   4% (3/65)Counting objects:   6% (4/65)Counting objects:   7% (5/65)Counting objects:   9% (6/65)Counting objects:  10% (7/65)Counting objects:  12% (8/65)Counting objects:  13% (9/65)Counting objects:  15% (10/65)Counting objects:  16% (11/65)Counting objects:  18% (12/65)Counting objects:  20% (13/65)Counting objects:  21% (14/65)Counting objects:  23% (15/65)Counting objects:  24% (16/65)Counting objects:  26% (17/65)Counting objects:  27% (18/65)Counting objects:  29% (19/65)Counting objects:  30% (20/65)Counting objects:  32% (21/65)Counting objects:  33% (22/65)Counting objects:  35% (23/65)Counting objects:  36% (24/65)Counting objects:  38% (25/65)Counting objects:  40% (26/65)Counting objects:  41% (27/65)Counting objects:  43% (28/65)Counting objects:  44% (29/65)Counting objects:  46% (30/65)Counting objects:  47% (31/65)Counting objects:  49% (32/65)Counting objects:  50% (33/65)Counting objects:  52% (34/65)Counting objects:  53% (35/65)Counting objects:  55% (36/65)Counting objects:  56% (37/65)Counting objects:  58% (38/65)Counting objects:  60% (39/65)Counting objects:  61% (40/65)Counting objects:  63% (41/65)Counting objects:  64% (42/65)Counting objects:  66% (43/65)Counting objects:  67% (44/65)Counting objects:  69% (45/65)Counting objects:  70% (46/65)Counting objects:  72% (47/65)Counting objects:  73% (48/65)Counting objects:  75% (49/65)Counting objects:  76% (50/65)Counting objects:  78% (51/65)Counting objects:  80% (52/65)Counting objects:  81% (53/65)Counting objects:  83% (54/65)Counting objects:  84% (55/65)Counting objects:  86% (56/65)Counting objects:  87% (57/65)Counting objects:  89% (58/65)Counting objects:  90% (59/65)Counting objects:  92% (60/65)Counting objects:  93% (61/65)Counting objects:  95% (62/65)Counting objects:  96% (63/65)Counting objects:  98% (64/65)Counting objects: 100% (65/65)Counting objects: 100% (65/65), done.
Delta compression using up to 8 threads
Compressing objects:   2% (1/38)Compressing objects:   5% (2/38)Compressing objects:   7% (3/38)Compressing objects:  10% (4/38)Compressing objects:  13% (5/38)Compressing objects:  15% (6/38)Compressing objects:  18% (7/38)Compressing objects:  21% (8/38)Compressing objects:  23% (9/38)Compressing objects:  26% (10/38)Compressing objects:  28% (11/38)Compressing objects:  31% (12/38)Compressing objects:  34% (13/38)Compressing objects:  36% (14/38)Compressing objects:  39% (15/38)Compressing objects:  42% (16/38)Compressing objects:  44% (17/38)Compressing objects:  47% (18/38)Compressing objects:  50% (19/38)Compressing objects:  52% (20/38)Compressing objects:  55% (21/38)Compressing objects:  57% (22/38)Compressing objects:  60% (23/38)Compressing objects:  63% (24/38)Compressing objects:  65% (25/38)Compressing objects:  68% (26/38)Compressing objects:  71% (27/38)Compressing objects:  73% (28/38)Compressing objects:  76% (29/38)Compressing objects:  78% (30/38)Compressing objects:  81% (31/38)Compressing objects:  84% (32/38)Compressing objects:  86% (33/38)Compressing objects:  89% (34/38)Compressing objects:  92% (35/38)Compressing objects:  94% (36/38)Compressing objects:  97% (37/38)Compressing objects: 100% (38/38)Compressing objects: 100% (38/38), done.
Writing objects:   2% (1/44)Writing objects:   4% (2/44)Writing objects:   6% (3/44)Writing objects:   9% (4/44)Writing objects:  11% (5/44)Writing objects:  13% (6/44)Writing objects:  15% (7/44)Writing objects:  18% (8/44)Writing objects:  20% (9/44)Writing objects:  22% (10/44)Writing objects:  25% (11/44)Writing objects:  27% (12/44)Writing objects:  29% (13/44)Writing objects:  31% (14/44)Writing objects:  34% (15/44)Writing objects:  36% (16/44)Writing objects:  38% (17/44)Writing objects:  40% (18/44)Writing objects:  43% (19/44)Writing objects:  45% (20/44)Writing objects:  47% (21/44)Writing objects:  50% (22/44)Writing objects:  52% (23/44)Writing objects:  54% (24/44)Writing objects:  56% (25/44)Writing objects:  59% (26/44)Writing objects:  61% (27/44)Writing objects:  63% (28/44)Writing objects:  65% (29/44)Writing objects:  68% (30/44)Writing objects:  70% (31/44)Writing objects:  72% (32/44)Writing objects:  75% (33/44)Writing objects:  77% (34/44)Writing objects:  79% (35/44)Writing objects:  81% (36/44)Writing objects:  84% (37/44)Writing objects:  86% (38/44)Writing objects:  88% (39/44)Writing objects:  90% (40/44)Writing objects:  93% (41/44)Writing objects:  95% (42/44)Writing objects:  97% (43/44)Writing objects: 100% (44/44)Writing objects: 100% (44/44), 138.49 KiB | 3.64 MiB/s, done.
Total 44 (delta 21), reused 0 (delta 0)
remote: Resolving deltas:   0% (0/21)[Kremote: Resolving deltas:   4% (1/21)[Kremote: Resolving deltas:   9% (2/21)[Kremote: Resolving deltas:  14% (3/21)[Kremote: Resolving deltas:  19% (4/21)[Kremote: Resolving deltas:  23% (5/21)[Kremote: Resolving deltas:  28% (6/21)[Kremote: Resolving deltas:  33% (7/21)[Kremote: Resolving deltas:  38% (8/21)[Kremote: Resolving deltas:  42% (9/21)[Kremote: Resolving deltas:  47% (10/21)[Kremote: Resolving deltas:  52% (11/21)[Kremote: Resolving deltas:  57% (12/21)[Kremote: Resolving deltas:  61% (13/21)[Kremote: Resolving deltas:  66% (14/21)[Kremote: Resolving deltas:  71% (15/21)[Kremote: Resolving deltas:  76% (16/21)[Kremote: Resolving deltas:  80% (17/21)[Kremote: Resolving deltas:  85% (18/21)[Kremote: Resolving deltas:  90% (19/21)[Kremote: Resolving deltas:  95% (20/21)[Kremote: Resolving deltas: 100% (21/21)[Kremote: Resolving deltas: 100% (21/21), completed with 13 local objects.[K
To https://github.com/ChristopherChifor/linear-regression.git
   4029514..979a6d6  main -> main
]0;/home/jovyan/Sta302/University-Admisssions-Regressionjovyan@jupyter-ac5fcdab-2dd3bf-2d41ca-2db6c9-2da6bb964be8ad:~/Sta302/University-Admisssions-Regression$ git submodule add https://github.com/ChristopherChifor/University-Admissions-Regression
Cloning into '/home/jovyan/Sta302/University-Admisssions-Regression/University-Admissions-Regression'...
warning: You appear to have cloned an empty repository.
fatal: You are on a branch yet to be born
Unable to checkout submodule 'Sta302/University-Admisssions-Regression/University-Admissions-Regression'
]0;/home/jovyan/Sta302/University-Admisssions-Regressionjovyan@jupyter-ac5fcdab-2dd3bf-2d41ca-2db6c9-2da6bb964be8ad:~/Sta302/University-Admisssions-Regression$ cd ..[K[K[K[K[Krm -rf University-Admissions-Regression
]0;/home/jovyan/Sta302/University-Admisssions-Regressionjovyan@jupyter-ac5fcdab-2dd3bf-2d41ca-2db6c9-2da6bb964be8ad:~/Sta302/University-Admisssions-Regression$ ls
University-Admissions-Regression.Rmd  Video_project_dataset.csv
]0;/home/jovyan/Sta302/University-Admisssions-Regressionjovyan@jupyter-ac5fcdab-2dd3bf-2d41ca-2db6c9-2da6bb964be8ad:~/Sta302/University-Admisssions-Regression$ cd ..
]0;/home/jovyan/Sta302jovyan@jupyter-ac5fcdab-2dd3bf-2d41ca-2db6c9-2da6bb964be8ad:~/Sta302$ https://github.com/ChristopherChifor/University-Admissions-Regressionghttps://github.com/ChristopherChifor/University-Admissions-Regressionihttps://github.com/ChristopherChifor/University-Admissions-Regressionthttps://github.com/ChristopherChifor/University-Admissions-Regression https://github.com/ChristopherChifor/University-Admissions-Regressionshttps://github.com/ChristopherChifor/University-Admissions-Regressionuhttps://github.com/ChristopherChifor/University-Admissions-Regressionbhttps://github.com/ChristopherChifor/University-Admissions-Regressionmhttps://github.com/ChristopherChifor/University-Admissions-Regressionohttps://github.com/ChristopherChifor/University-Admissions-Regressiondhttps://github.com/ChristopherChifor/University-Admissions-Regressionuhttps://github.com/ChristopherChifor/University-Admissions-Regressionlhttps://github.com/ChristopherChifor/University-Admissions-Regressionehttps://github.com/ChristopherChifor/University-Admissions-Regression https://github.com/ChristopherChifor/University-Admissions-Regressionahttps://github.com/ChristopherChifor/University-Admissions-Regressiondhttps://github.com/ChristopherChifor/University-Admissions-Regressiondhttps://github.com/ChristopherChifor/University-Admissions-Regression https://github.com/ChristopherChifor/University-Admissions-Regression
Cloning into '/home/jovyan/Sta302/University-Admissions-Regression'...
warning: You appear to have cloned an empty repository.
fatal: You are on a branch yet to be born
Unable to checkout submodule 'Sta302/University-Admissions-Regression'
]0;/home/jovyan/Sta302jovyan@jupyter-ac5fcdab-2dd3bf-2d41ca-2db6c9-2da6bb964be8ad:~/Sta302$ c[Kgit submodule add https://github.com/ChristopherChifor/University-Admissions-Regression
A git directory for 'Sta302/University-Admissions-Regression' is found locally with remote(s):
  origin	https://github.com/ChristopherChifor/University-Admissions-Regression
If you want to reuse this local git directory instead of cloning again from
  https://github.com/ChristopherChifor/University-Admissions-Regression
use the '--force' option. If the local git directory is not the correct repo
or you are unsure what this means choose another name with the '--name' option.
]0;/home/jovyan/Sta302jovyan@jupyter-ac5fcdab-2dd3bf-2d41ca-2db6c9-2da6bb964be8ad:~/Sta302$ ls
 cleaning_sim.csv	'Module 3 R Class.Rmd'	 nyc.csv        Research-Proposal.pdf	 STA302Lab1.pdf   STA302Lab2.Rmd
'Module 2 R Class.Rmd'	 newpenguins.csv	 penguins.csv  'Research Proposal.Rmd'	 STA302Lab1.Rmd   University-Admissions-Regression.nb.html
]0;/home/jovyan/Sta302jovyan@jupyter-ac5fcdab-2dd3bf-2d41ca-2db6c9-2da6bb964be8ad:~/Sta302$ git pull
Already up to date.
]0;/home/jovyan/Sta302jovyan@jupyter-ac5fcdab-2dd3bf-2d41ca-2db6c9-2da6bb964be8ad:~/Sta302$ git a[Kstatus
On branch main
Your branch is up to date with 'origin/main'.

Changes not staged for commit:
  (use "git add/rm <file>..." to update what will be committed)
  (use "git restore <file>..." to discard changes in working directory)
  (commit or discard the untracked or modified content in submodules)
	[31mdeleted:    ../.rstudio/notebooks/D818B622-University-Admissions-Regression/1/1851D95F5707515a/chunks.json[m
	[31mmodified:   ../.rstudio/projects/none/console07/A5780898[m
	[31mmodified:   ../.rstudio/projects/none/console07/A5780898.env[m
	[31mmodified:   ../.rstudio/projects/none/console07/INDEX001[m
	[31mmodified:   ../.rstudio/sources/prop/58C86993[m
	[31mdeleted:    ../.rstudio/sources/s-5707515a/24DFC0EF[m
	[31mmodified:   ../.rstudio/sources/s-5707515a/24DFC0EF-contents[m
	[31mmodified:   ../STA304-F21-Assignment3-code.git[m (modified content, untracked content)
	[31mmodified:   ../Sta238/STA238-Assignment1.git[m (modified content, untracked content)
	[31mmodified:   ../Sta238/STA238-Assignment2.git[m (modified content, untracked content)
	[31mmodified:   ../Sta238/STA238-Assignment3.git[m (modified content)
	[31mmodified:   ../Sta238/STA238-FinalProject.git[m (modified content, untracked content)
	[31mmodified:   ../Sta238/STA238-Week1.git[m (modified content, untracked content)
	[31mmodified:   ../Sta238/STA238-Week3.git[m (modified content)
	[31mmodified:   ../Sta238/STA238-Week4.git[m (modified content)
	[31mdeleted:    University-Admisssions-Regression/University-Admissions-Regression.Rmd[m
	[31mdeleted:    University-Admisssions-Regression/Video_project_dataset.csv[m
	[31mmodified:   ../Sta304/STA304-F21-Assignment1.git[m (modified content, untracked content)
	[31mmodified:   ../Sta304/STA304-F21-Assignment2.git[m (modified content, untracked content)
	[31mmodified:   ../Sta304/STA304-F21-Week1Class.git[m (untracked content)

no changes added to commit (use "git add" and/or "git commit -a")
]0;/home/jovyan/Sta302jovyan@jupyter-ac5fcdab-2dd3bf-2d41ca-2db6c9-2da6bb964be8ad:~/Sta302$ https://github.com/ChristopherChifor/University-Admissions-Regression[K[K[K[K[K[K[K[K[Kgit checkout -- .
]0;/home/jovyan/Sta302jovyan@jupyter-ac5fcdab-2dd3bf-2d41ca-2db6c9-2da6bb964be8ad:~/Sta302$ git status
On branch main
Your branch is up to date with 'origin/main'.

Changes not staged for commit:
  (use "git add/rm <file>..." to update what will be committed)
  (use "git restore <file>..." to discard changes in working directory)
  (commit or discard the untracked or modified content in submodules)
	[31mdeleted:    ../.rstudio/notebooks/D818B622-University-Admissions-Regression/1/1851D95F5707515a/chunks.json[m
	[31mmodified:   ../.rstudio/projects/none/console07/A5780898[m
	[31mmodified:   ../.rstudio/projects/none/console07/A5780898.env[m
	[31mmodified:   ../.rstudio/projects/none/console07/INDEX001[m
	[31mmodified:   ../.rstudio/sources/prop/58C86993[m
	[31mdeleted:    ../.rstudio/sources/s-5707515a/24DFC0EF[m
	[31mmodified:   ../.rstudio/sources/s-5707515a/24DFC0EF-contents[m
	[31mmodified:   ../STA304-F21-Assignment3-code.git[m (modified content, untracked content)
	[31mmodified:   ../Sta238/STA238-Assignment1.git[m (modified content, untracked content)
	[31mmodified:   ../Sta238/STA238-Assignment2.git[m (modified content, untracked content)
	[31mmodified:   ../Sta238/STA238-Assignment3.git[m (modified content)
	[31mmodified:   ../Sta238/STA238-FinalProject.git[m (modified content, untracked content)
	[31mmodified:   ../Sta238/STA238-Week1.git[m (modified content, untracked content)
	[31mmodified:   ../Sta238/STA238-Week3.git[m (modified content)
	[31mmodified:   ../Sta238/STA238-Week4.git[m (modified content)
	[31mmodified:   ../Sta304/STA304-F21-Assignment1.git[m (modified content, untracked content)
	[31mmodified:   ../Sta304/STA304-F21-Assignment2.git[m (modified content, untracked content)
	[31mmodified:   ../Sta304/STA304-F21-Week1Class.git[m (untracked content)

no changes added to commit (use "git add" and/or "git commit -a")
]0;/home/jovyan/Sta302jovyan@jupyter-ac5fcdab-2dd3bf-2d41ca-2db6c9-2da6bb964be8ad:~/Sta302$ https://github.com/ChristopherChifor/University-Admissions-Regression[K[K[K[K[K[K[Kgit restore .
]0;/home/jovyan/Sta302jovyan@jupyter-ac5fcdab-2dd3bf-2d41ca-2db6c9-2da6bb964be8ad:~/Sta302$ git status
On branch main
Your branch is up to date with 'origin/main'.

Changes not staged for commit:
  (use "git add/rm <file>..." to update what will be committed)
  (use "git restore <file>..." to discard changes in working directory)
  (commit or discard the untracked or modified content in submodules)
	[31mdeleted:    ../.rstudio/notebooks/D818B622-University-Admissions-Regression/1/1851D95F5707515a/chunks.json[m
	[31mmodified:   ../.rstudio/projects/none/console07/A5780898[m
	[31mmodified:   ../.rstudio/projects/none/console07/A5780898.env[m
	[31mmodified:   ../.rstudio/projects/none/console07/INDEX001[m
	[31mmodified:   ../.rstudio/sources/prop/58C86993[m
	[31mdeleted:    ../.rstudio/sources/s-5707515a/24DFC0EF[m
	[31mmodified:   ../.rstudio/sources/s-5707515a/24DFC0EF-contents[m
	[31mmodified:   ../STA304-F21-Assignment3-code.git[m (modified content, untracked content)
	[31mmodified:   ../Sta238/STA238-Assignment1.git[m (modified content, untracked content)
	[31mmodified:   ../Sta238/STA238-Assignment2.git[m (modified content, untracked content)
	[31mmodified:   ../Sta238/STA238-Assignment3.git[m (modified content)
	[31mmodified:   ../Sta238/STA238-FinalProject.git[m (modified content, untracked content)
	[31mmodified:   ../Sta238/STA238-Week1.git[m (modified content, untracked content)
	[31mmodified:   ../Sta238/STA238-Week3.git[m (modified content)
	[31mmodified:   ../Sta238/STA238-Week4.git[m (modified content)
	[31mmodified:   ../Sta304/STA304-F21-Assignment1.git[m (modified content, untracked content)
	[31mmodified:   ../Sta304/STA304-F21-Assignment2.git[m (modified content, untracked content)
	[31mmodified:   ../Sta304/STA304-F21-Week1Class.git[m (untracked content)

no changes added to commit (use "git add" and/or "git commit -a")
]0;/home/jovyan/Sta302jovyan@jupyter-ac5fcdab-2dd3bf-2d41ca-2db6c9-2da6bb964be8ad:~/Sta302$ git commit -,[Km "test commit"
On branch main
Your branch is up to date with 'origin/main'.

Changes not staged for commit:
  (use "git add/rm <file>..." to update what will be committed)
  (use "git restore <file>..." to discard changes in working directory)
  (commit or discard the untracked or modified content in submodules)
	[31mmodified:   ../.rstudio/notebooks/924E7636-Assignment3/1/1851D95F5707515a/chunks.json[m
	[31mmodified:   ../.rstudio/notebooks/924E7636-Assignment3/1/s/czsc4vzgb468d/000003.png[m
	[31mmodified:   ../.rstudio/notebooks/D818B622-University-Admissions-Regression/1/1851D95F5707515a/chunks.json[m
	[31mmodified:   ../.rstudio/projects/none/console07/A5780898[m
	[31mmodified:   ../.rstudio/projects/none/console07/A5780898.env[m
	[31mmodified:   ../.rstudio/projects/none/console07/INDEX001[m
	[31mmodified:   ../.rstudio/sources/prop/58C86993[m
	[31mdeleted:    ../.rstudio/sources/s-5707515a/24DFC0EF[m
	[31mmodified:   ../.rstudio/sources/s-5707515a/24DFC0EF-contents[m
	[31mmodified:   ../STA304-F21-Assignment3-code.git[m (modified content, untracked content)
	[31mmodified:   ../Sta238/STA238-Assignment1.git[m (modified content, untracked content)
	[31mmodified:   ../Sta238/STA238-Assignment2.git[m (modified content, untracked content)
	[31mmodified:   ../Sta238/STA238-Assignment3.git[m (modified content)
	[31mmodified:   ../Sta238/STA238-FinalProject.git[m (modified content, untracked content)
	[31mmodified:   ../Sta238/STA238-Week1.git[m (modified content, untracked content)
	[31mmodified:   ../Sta238/STA238-Week3.git[m (modified content)
	[31mmodified:   ../Sta238/STA238-Week4.git[m (modified content)
	[31mmodified:   ../Sta304/STA304-F21-Assignment1.git[m (modified content, untracked content)
	[31mmodified:   ../Sta304/STA304-F21-Assignment2.git[m (modified content, untracked content)
	[31mmodified:   ../Sta304/STA304-F21-Week1Class.git[m (untracked content)

Untracked files:
  (use "git add <file>..." to include in what will be committed)
	[31m../.rstudio/sources/s-5707515a/A06BCD43[m
	[31m../.rstudio/sources/s-5707515a/A06BCD43-contents[m

no changes added to commit (use "git add" and/or "git commit -a")
]0;/home/jovyan/Sta302jovyan@jupyter-ac5fcdab-2dd3bf-2d41ca-2db6c9-2da6bb964be8ad:~/Sta302$ git add 
cleaning_sim.csv                          Module 3 R Class.Rmd                      penguins.csv                              STA302Lab1.pdf                            University-Admissions-Regression.nb.html
.ipynb_checkpoints/                       newpenguins.csv                           Research-Proposal.pdf                     STA302Lab1.Rmd                            University-Admisssions-Regression/
Module 2 R Class.Rmd                      nyc.csv                                   Research Proposal.Rmd                     STA302Lab2.Rmd                            
jovyan@jupyter-ac5fcdab-2dd3bf-2d41ca-2db6c9-2da6bb964be8ad:~/Sta302$ git add [K[K[Kdd -A && git commit -M [K[K[Km[K-m "changes" && p[Kgit push
